
> my-v0-project@0.1.0 build C:\Users\rushi\Desktop\Personal\proj4\main
> next build

   Γû▓ Next.js 15.2.4
   - Environments: .env.local

   Creating an optimized production build ...
node.exe : Failed to 
compile.
At C:\Users\rushi\App
Data\Roaming\npm\pnpm
.ps1:24 char:5
+     & "node$exe"  "
$basedir/node_modules
/pnpm/bin/pnpm.cjs" 
$args
+     ~~~~~~~~~~~~~~~
~~~~~~~~~~~~~~~~~~~~~
~~~~~~~~~~~~~~~~~~~~~
~~~~
    + CategoryInfo   
           : NotSpe  
  cified: (Failed    
 to compile.:Stri    
ng) [], RemoteEx    
ception
    + FullyQualified 
   ErrorId : Native  
  CommandError
 

./app/(lms)/super-adm
in/reports/page.tsx
Module parse failed: 
Identifier 
'SimpleLineChart' 
has already been 
declared (6:9)
File was processed 
with these loaders:
 * ./node_modules/.pn
pm/next@15.2.4_react-
dom@19.2.0_react@19.2
.0__react@19.2.0/node
_modules/next/dist/bu
ild/webpack/loaders/n
ext-flight-client-mod
ule-loader.js
 * ./node_modules/.pn
pm/next@15.2.4_react-
dom@19.2.0_react@19.2
.0__react@19.2.0/node
_modules/next/dist/bu
ild/webpack/loaders/n
ext-swc-loader.js
You may need an 
additional loader to 
handle the result of 
these loaders.
| import { Button } 
from "@/components/ui
/button";
| import { 
SimpleLineChart } 
from "@/components/lm
s/widgets";
> import { 
SimpleLineChart } 
from "@/components/lm
s/widgets";
| // import { Tabs, 
TabsContent, 
TabsList, 
TabsTrigger } from "@
/components/ui/tabs" 
- Removed
| import { toast } 
from "sonner";

Import trace for 
requested module:
./app/(lms)/super-adm
in/reports/page.tsx


> Build failed 
because of webpack 
errors
ΓÇëELIFECYCLEΓÇë Command failed with exit code 1.
